
> dreams4u@0.0.0 build
> npm run sitemap && vite build && vite build --ssr src/prerender.jsx --outDir dist/server && node scripts/prerender.js


> dreams4u@0.0.0 sitemap
> node scripts/generate-sitemap.js

≡ƒÜÇ Generating sitemap.xml...
≡ƒîÉ Base URL: https://dreams4u.in
≡ƒôü Checking blogs directory: src/content/blogs
Γ£à Found 8 blog files
   ≡ƒôä cost-of-website-creation-in-india.md -> /blog/cost-of-website-creation-in-india
   ≡ƒôä daily-habits-to-boost-creativity-and-innovation.md -> /blog/daily-habits-to-boost-creativity-and-innovation
   ≡ƒôä how-to-add-ai-features-to-your-website.md -> /blog/how-to-add-ai-features-to-your-website
   ≡ƒôä how-to-use-creative-websites-for-innovation.md -> /blog/how-to-use-creative-websites-for-innovation
   ≡ƒôä seo-small-business-2026.md -> /blog/seo-small-business-2026

≡ƒôè URL Summary:
   Static Pages: 67
   Blog Posts: 8
   Total URLs: 75

Γ£à SITEMAP GENERATED SUCCESSFULLY!
≡ƒôü Location: E:\Personal Work\dreams4u.in\dreams4u\public\sitemap.xml
≡ƒöù Access at: https://dreams4u.in/sitemap.xml
Γ£à robots.txt generated at: E:\Personal Work\dreams4u.in\dreams4u\public\robots.txt

≡ƒôï SITEMAP PREVIEW (First 10 URLs):
ΓòÉΓòÉΓòÉΓòÉΓòÉΓòÉΓòÉΓòÉΓòÉΓòÉΓòÉΓòÉΓòÉΓòÉΓòÉΓòÉΓòÉΓòÉΓòÉΓòÉΓòÉΓòÉΓòÉΓòÉΓòÉΓòÉΓòÉΓòÉΓòÉΓòÉΓòÉΓòÉΓòÉΓòÉΓòÉΓòÉΓòÉΓòÉΓòÉΓòÉΓòÉΓòÉΓòÉΓòÉΓòÉΓòÉΓòÉΓòÉΓòÉΓòÉΓòÉΓòÉΓòÉΓòÉΓòÉΓòÉΓòÉΓòÉΓòÉΓòÉΓòÉΓòÉΓòÉΓòÉΓòÉΓòÉΓòÉΓòÉΓòÉΓòÉΓòÉΓòÉΓòÉΓòÉΓòÉΓòÉΓòÉΓòÉΓòÉΓòÉ
1. ≡ƒÅá https://dreams4u.in/
   ≡ƒôà Lastmod: 2026-06-03 | ≡ƒöä Changefreq: daily | Γ¡É Priority: 1.0

2. ≡ƒÅá https://dreams4u.in/faridabad
   ≡ƒôà Lastmod: 2026-06-03 | ≡ƒöä Changefreq: weekly | Γ¡É Priority: 0.9

3. ≡ƒÅá https://dreams4u.in/about
   ≡ƒôà Lastmod: 2026-06-03 | ≡ƒöä Changefreq: monthly | Γ¡É Priority: 0.9

4. ≡ƒÅá https://dreams4u.in/portfolio
   ≡ƒôà Lastmod: 2026-06-03 | ≡ƒöä Changefreq: monthly | Γ¡É Priority: 0.8

5. ≡ƒÅá https://dreams4u.in/contact
   ≡ƒôà Lastmod: 2026-06-03 | ≡ƒöä Changefreq: monthly | Γ¡É Priority: 0.8

6. ≡ƒÅá https://dreams4u.in/services
   ≡ƒôà Lastmod: 2026-06-03 | ≡ƒöä Changefreq: weekly | Γ¡É Priority: 0.9

7. ≡ƒÅá https://dreams4u.in/services/web-development
   ≡ƒôà Lastmod: 2026-06-03 | ≡ƒöä Changefreq: weekly | Γ¡É Priority: 0.8

8. ≡ƒÅá https://dreams4u.in/services/website-design
   ≡ƒôà Lastmod: 2026-06-03 | ≡ƒöä Changefreq: weekly | Γ¡É Priority: 0.8

9. ≡ƒÅá https://dreams4u.in/services/digital-marketing
   ≡ƒôà Lastmod: 2026-06-03 | ≡ƒöä Changefreq: weekly | Γ¡É Priority: 0.8

10. ≡ƒÅá https://dreams4u.in/services/react-development
   ≡ƒôà Lastmod: 2026-06-03 | ≡ƒöä Changefreq: weekly | Γ¡É Priority: 0.8

... and 65 more URLs
ΓòÉΓòÉΓòÉΓòÉΓòÉΓòÉΓòÉΓòÉΓòÉΓòÉΓòÉΓòÉΓòÉΓòÉΓòÉΓòÉΓòÉΓòÉΓòÉΓòÉΓòÉΓòÉΓòÉΓòÉΓòÉΓòÉΓòÉΓòÉΓòÉΓòÉΓòÉΓòÉΓòÉΓòÉΓòÉΓòÉΓòÉΓòÉΓòÉΓòÉΓòÉΓòÉΓòÉΓòÉΓòÉΓòÉΓòÉΓòÉΓòÉΓòÉΓòÉΓòÉΓòÉΓòÉΓòÉΓòÉΓòÉΓòÉΓòÉΓòÉΓòÉΓòÉΓòÉΓòÉΓòÉΓòÉΓòÉΓòÉΓòÉΓòÉΓòÉΓòÉΓòÉΓòÉΓòÉΓòÉΓòÉΓòÉΓòÉΓòÉ
[36mvite v7.3.1 [32mbuilding client environment for production...[36m[39m
transforming...
[32mΓ£ô[39m 2752 modules transformed.
node.exe : [33mGenerated an empty chunk: "react".[39m
At line:1 char:1
+ & "C:\Program Files\nodejs/node.exe" "C:\Program Files\nodejs/node_mo ...
+ ~~~~~~~~~~~~~~~~~~~~~~~~~~~~~~~~~~~~~~~~~~~~~~~~~~~~~~~~~~~~~~~~~~~~~
    + CategoryInfo          : NotSpecified: ([33mGenerated ...: "react".[39m 
   :String) [], RemoteException
    + FullyQualifiedErrorId : NativeCommandError
 
[33mnode_modules/gray-matter/lib/engines.js (43:13): Use of eval in 
"node_modules/gray-matter/lib/engines.js" is strongly discouraged as it poses 
security risks and may cause issues with minification.[39m
rendering chunks...
computing gzip size...
[2mdist/[22m[32mindex.html                    [39m[1m[2m  2.80 kB[22m[1m[22m[2m Γöé gzip:   1.17 kB[22m
[2mdist/[22m[32massets/top-logo-Tnje3IJI.png  [39m[1m[2m322.31 kB[22m[1m[22m
[2mdist/[22m[35massets/index-BLkae87B.css     [39m[1m[2m113.52 kB[22m[1m[22m[2m Γöé gzip:  15.69 kB[22m
[2mdist/[22m[36massets/react-l0sNRNKZ.js      [39m[1m[2m  0.00 kB[22m[1m[22m[2m Γöé gzip:   0.02 kB[22m
[2mdist/[22m[36massets/ui-CYTBo4ZI.js         [39m[1m[2m 13.97 kB[22m[1m[22m[2m Γöé gzip:   5.63 kB[22m
[2mdist/[22m[36massets/utils-DmoI3XJc.js      [39m[1m[2m 55.95 kB[22m[1m[22m[2m Γöé gzip:  17.96 kB[22m
[2mdist/[22m[36massets/router-WaqkH4fv.js     [39m[1m[2m206.43 kB[22m[1m[22m[2m Γöé gzip:  67.46 kB[22m
[2mdist/[22m[36massets/index-BqlfFNrk.js      [39m[1m[2m916.75 kB[22m[1m[22m[2m Γöé gzip: 243.93 kB[22m
[32mΓ£ô built in 11.22s[39m
[36mvite v7.3.1 [32mbuilding ssr environment for production...[36m[39m
transforming...
[32mΓ£ô[39m 62 modules transformed.
rendering chunks...
[2mdist/server/[22m[36mprerender.js  [39m[1m[2m693.94 kB[22m[1m[22m
[32mΓ£ô built in 1.07s[39m
prerendered / -> dist\index.html
prerendered /about -> dist\about\index.html
prerendered /faridabad -> dist\faridabad\index.html
prerendered /portfolio -> dist\portfolio\index.html
prerendered /contact -> dist\contact\index.html
prerendered /services -> dist\services\index.html
prerendered /services/web-development -> dist\services\web-development\index.html
prerendered /services/website-design -> dist\services\website-design\index.html
prerendered /services/digital-marketing -> dist\services\digital-marketing\index.html
prerendered /services/react-development -> dist\services\react-development\index.html
prerendered /services/app-development -> dist\services\app-development\index.html
prerendered /services/search-engine-optimization -> dist\services\search-engine-optimization\index.html
prerendered /services/ecommerce -> dist\services\ecommerce\index.html
prerendered /services/mobile-responsive -> dist\services\mobile-responsive\index.html
prerendered /services/business-website -> dist\services\business-website\index.html
prerendered /services/ui-ux -> dist\services\ui-ux\index.html
prerendered /services/website-security -> dist\services\website-security\index.html
prerendered /services/annual-maintenance -> dist\services\annual-maintenance\index.html
prerendered /services/custom-website-design -> dist\services\custom-website-design\index.html
prerendered /privacy -> dist\privacy\index.html
prerendered /terms -> dist\terms\index.html
prerendered /cookies -> dist\cookies\index.html
prerendered /blog -> dist\blog\index.html
prerendered /website-design-company-in-faridabad -> dist\website-design-company-in-faridabad\index.html
prerendered /seo-services-in-faridabad -> dist\seo-services-in-faridabad\index.html
prerendered /ecommerce-website-development-in-faridabad -> dist\ecommerce-website-development-in-faridabad\index.html
prerendered /wordpress-development-in-faridabad -> dist\wordpress-development-in-faridabad\index.html
prerendered /digital-marketing-services-in-faridabad -> dist\digital-marketing-services-in-faridabad\index.html
prerendered /website-maintenance-services-in-faridabad -> dist\website-maintenance-services-in-faridabad\index.html
prerendered /blog/cost-of-website-creation-in-india -> dist\blog\cost-of-website-creation-in-india\index.html
prerendered /blog/daily-habits-to-boost-creativity-and-innovation -> dist\blog\daily-habits-to-boost-creativity-and-innovation\index.html
prerendered /blog/how-to-add-ai-features-to-your-website -> dist\blog\how-to-add-ai-features-to-your-website\index.html
prerendered /blog/how-to-use-creative-websites-for-innovation -> dist\blog\how-to-use-creative-websites-for-innovation\index.html
prerendered /blog/seo-small-business-2026 -> dist\blog\seo-small-business-2026\index.html
prerendered /blog/seo-vs-google-ads-which-is-better-for-your-business -> dist\blog\seo-vs-google-ads-which-is-better-for-your-business\index.html
prerendered /blog/top-web-design-trends-in-2026-what-every-business-website-needs -> dist\blog\top-web-design-trends-in-2026-what-every-business-website-needs\index.html
prerendered /blog/top-websites-that-inspire-creativity-and-innovation -> dist\blog\top-websites-that-inspire-creativity-and-innovation\index.html
prerendered /faridabad/badkhal -> dist\faridabad\badkhal\index.html
prerendered /faridabad/ballabgarh -> dist\faridabad\ballabgarh\index.html
prerendered /faridabad/nit -> dist\faridabad\nit\index.html
prerendered /faridabad/sector-21 -> dist\faridabad\sector-21\index.html
prerendered /faridabad/sector-31 -> dist\faridabad\sector-31\index.html
prerendered /faridabad/sector-41 -> dist\faridabad\sector-41\index.html
prerendered /faridabad/sector-42 -> dist\faridabad\sector-42\index.html
prerendered /faridabad/sector-43 -> dist\faridabad\sector-43\index.html
prerendered /faridabad/sector-49 -> dist\faridabad\sector-49\index.html
prerendered /faridabad/sector-24 -> dist\faridabad\sector-24\index.html
prerendered /faridabad/sector-27 -> dist\faridabad\sector-27\index.html
prerendered /faridabad/sector-58 -> dist\faridabad\sector-58\index.html
prerendered /faridabad/sector-66 -> dist\faridabad\sector-66\index.html
prerendered /faridabad/sector-67 -> dist\faridabad\sector-67\index.html
prerendered /faridabad/sector-68 -> dist\faridabad\sector-68\index.html
prerendered /faridabad/sector-69 -> dist\faridabad\sector-69\index.html
prerendered /faridabad/sector-70 -> dist\faridabad\sector-70\index.html
prerendered /faridabad/sector-71 -> dist\faridabad\sector-71\index.html
prerendered /faridabad/sector-72 -> dist\faridabad\sector-72\index.html
prerendered /faridabad/sector-73 -> dist\faridabad\sector-73\index.html
prerendered /faridabad/sector-74 -> dist\faridabad\sector-74\index.html
prerendered /faridabad/sector-75 -> dist\faridabad\sector-75\index.html
prerendered /faridabad/sector-76 -> dist\faridabad\sector-76\index.html
prerendered /faridabad/sector-77 -> dist\faridabad\sector-77\index.html
prerendered /faridabad/sector-78 -> dist\faridabad\sector-78\index.html
prerendered /faridabad/sector-79 -> dist\faridabad\sector-79\index.html
prerendered /faridabad/sector-80 -> dist\faridabad\sector-80\index.html
prerendered /faridabad/sector-81 -> dist\faridabad\sector-81\index.html
prerendered /faridabad/sector-82 -> dist\faridabad\sector-82\index.html
prerendered /faridabad/sector-83 -> dist\faridabad\sector-83\index.html
prerendered /faridabad/sector-84 -> dist\faridabad\sector-84\index.html
prerendered /faridabad/sector-85 -> dist\faridabad\sector-85\index.html
prerendered /faridabad/sector-86 -> dist\faridabad\sector-86\index.html
prerendered /faridabad/sector-87 -> dist\faridabad\sector-87\index.html
prerendered /faridabad/sector-88 -> dist\faridabad\sector-88\index.html
prerendered /faridabad/sector-89 -> dist\faridabad\sector-89\index.html
